2026-09-20 18:25:44 startup archives install
2026-09-20 18:25:44 install base-passwd:amd64 <none> 3.6.7
2026-09-20 18:25:44 status half-installed base-passwd:amd64 3.6.7
2026-09-20 18:25:44 status unpacked base-passwd:amd64 3.6.7
2026-09-20 18:25:44 configure base-passwd:amd64 3.6.7 3.6.7
2026-09-20 18:25:44 status half-configured base-passwd:amd64 3.6.7
2026-09-20 18:25:44 status installed base-passwd:amd64 3.6.7
2026-09-20 18:25:44 startup archives install
2026-09-20 18:25:44 install base-files:amd64 <none> 13.8+deb13u7
2026-09-20 18:25:44 status half-installed base-files:amd64 13.8+deb13u7
2026-09-20 18:25:44 status unpacked base-files:amd64 13.8+deb13u7
2026-09-20 18:25:44 configure base-files:amd64 13.8+deb13u7 13.8+deb13u7
2026-09-20 18:25:44 status half-configured base-files:amd64 13.8+deb13u7
2026-09-20 18:25:45 status installed base-files:amd64 13.8+deb13u7
2026-09-20 18:25:45 startup archives install
2026-09-20 18:25:45 upgrade dpkg 1.22.22 1.22.22
2026-09-20 18:25:45 status half-configured dpkg 1.22.22
2026-09-20 18:25:45 status unpacked dpkg 1.22.22
2026-09-20 18:25:45 status half-installed dpkg 1.22.22
2026-09-20 18:25:45 status unpacked dpkg:amd64 1.22.22
2026-09-20 18:25:45 configure dpkg:amd64 1.22.22 1.22.22
2026-09-20 18:25:45 status half-configured dpkg:amd64 1.22.22
2026-09-20 18:25:45 status installed dpkg:amd64 1.22.22
2026-09-20 18:25:45 startup archives install
2026-09-20 18:25:45 install libc6:amd64 <none> 2.41-12+deb13u4
2026-09-20 18:25:45 status half-installed libc6:amd64 2.41-12+deb13u4
2026-09-20 18:25:46 status unpacked libc6:amd64 2.41-12+deb13u4
2026-09-20 18:25:46 configure libc6:amd64 2.41-12+deb13u4 2.41-12+deb13u4
2026-09-20 18:25:46 status half-configured libc6:amd64 2.41-12+deb13u4
2026-09-20 18:25:46 status installed libc6:amd64 2.41-12+deb13u4
2026-09-20 18:25:46 startup archives install
2026-09-20 18:25:46 install perl-base:amd64 <none> 5.40.1-6+deb13u1
2026-09-20 18:25:46 status half-installed perl-base:amd64 5.40.1-6+deb13u1
2026-09-20 18:25:46 status unpacked perl-base:amd64 5.40.1-6+deb13u1
2026-09-20 18:25:46 configure perl-base:amd64 5.40.1-6+deb13u1 5.40.1-6+deb13u1
2026-09-20 18:25:46 status half-configured perl-base:amd64 5.40.1-6+deb13u1
2026-09-20 18:25:46 status installed perl-base:amd64 5.40.1-6+deb13u1
2026-09-20 18:25:46 startup archives install
2026-09-20 18:25:46 install mawk:amd64 <none> 1.3.4.20250131-1
2026-09-20 18:25:46 status half-installed mawk:amd64 1.3.4.20250131-1
2026-09-20 18:25:46 status unpacked mawk:amd64 1.3.4.20250131-1
2026-09-20 18:25:46 configure mawk:amd64 1.3.4.20250131-1 1.3.4.20250131-1
2026-09-20 18:25:46 status half-configured mawk:amd64 1.3.4.20250131-1
2026-09-20 18:25:46 status installed mawk:amd64 1.3.4.20250131-1
2026-09-20 18:25:46 startup archives install
2026-09-20 18:25:46 install debconf:all <none> 1.5.91
2026-09-20 18:25:46 status half-installed debconf:all 1.5.91
2026-09-20 18:25:46 status unpacked debconf:all 1.5.91
2026-09-20 18:25:46 configure debconf:all 1.5.91 1.5.91
2026-09-20 18:25:46 status half-configured debconf:all 1.5.91
2026-09-20 18:25:47 status installed debconf:all 1.5.91
2026-09-20 18:25:47 startup archives unpack
2026-09-20 18:25:47 install apt:amd64 <none> 3.0.3
2026-09-20 18:25:47 status half-installed apt:amd64 3.0.3
2026-09-20 18:25:47 status unpacked apt:amd64 3.0.3
2026-09-20 18:25:47 upgrade base-files:amd64 13.8+deb13u7 13.8+deb13u7
2026-09-20 18:25:47 status half-configured base-files:amd64 13.8+deb13u7
2026-09-20 18:25:47 status unpacked base-files:amd64 13.8+deb13u7
2026-09-20 18:25:47 status half-installed base-files:amd64 13.8+deb13u7
2026-09-20 18:25:47 status unpacked base-files:amd64 13.8+deb13u7
2026-09-20 18:25:47 upgrade base-passwd:amd64 3.6.7 3.6.7
2026-09-20 18:25:47 status half-configured base-passwd:amd64 3.6.7
2026-09-20 18:25:47 status unpacked base-passwd:amd64 3.6.7
2026-09-20 18:25:47 status half-installed base-passwd:amd64 3.6.7
2026-09-20 18:25:47 status unpacked base-passwd:amd64 3.6.7
2026-09-20 18:25:47 install bash:amd64 <none> 5.2.37-2+b10
2026-09-20 18:25:47 status half-installed bash:amd64 5.2.37-2+b10
2026-09-20 18:25:47 status unpacked bash:amd64 5.2.37-2+b10
2026-09-20 18:25:47 install bsdutils:amd64 <none> 1:2.41.5-0+deb13u1
2026-09-20 18:25:47 status half-installed bsdutils:amd64 1:2.41.5-0+deb13u1
2026-09-20 18:25:47 status unpacked bsdutils:amd64 1:2.41.5-0+deb13u1
2026-09-20 18:25:48 install coreutils:amd64 <none> 9.7-3
2026-09-20 18:25:48 status half-installed coreutils:amd64 9.7-3
2026-09-20 18:25:48 status unpacked coreutils:amd64 9.7-3
2026-09-20 18:25:48 install dash:amd64 <none> 0.5.12-12
2026-09-20 18:25:48 status half-installed dash:amd64 0.5.12-12
2026-09-20 18:25:48 status unpacked dash:amd64 0.5.12-12
2026-09-20 18:25:48 upgrade debconf:all 1.5.91 1.5.91
2026-09-20 18:25:48 status half-configured debconf:all 1.5.91
2026-09-20 18:25:48 status unpacked debconf:all 1.5.91
2026-09-20 18:25:48 status half-installed debconf:all 1.5.91
2026-09-20 18:25:48 status unpacked debconf:all 1.5.91
2026-09-20 18:25:48 install debian-archive-keyring:all <none> 2025.1
2026-09-20 18:25:48 status half-installed debian-archive-keyring:all 2025.1
2026-09-20 18:25:48 status unpacked debian-archive-keyring:all 2025.1
2026-09-20 18:25:48 install debianutils:amd64 <none> 5.23.2
2026-09-20 18:25:48 status half-installed debianutils:amd64 5.23.2
2026-09-20 18:25:48 status unpacked debianutils:amd64 5.23.2
2026-09-20 18:25:49 install diffutils:amd64 <none> 1:3.10-4
2026-09-20 18:25:49 status half-installed diffutils:amd64 1:3.10-4
2026-09-20 18:25:49 status unpacked diffutils:amd64 1:3.10-4
2026-09-20 18:25:49 upgrade dpkg:amd64 1.22.22 1.22.22
2026-09-20 18:25:49 status half-configured dpkg:amd64 1.22.22
2026-09-20 18:25:49 status unpacked dpkg:amd64 1.22.22
2026-09-20 18:25:49 status half-installed dpkg:amd64 1.22.22
2026-09-20 18:25:49 status unpacked dpkg:amd64 1.22.22
2026-09-20 18:25:49 install findutils:amd64 <none> 4.10.0-3
2026-09-20 18:25:49 status half-installed findutils:amd64 4.10.0-3
2026-09-20 18:25:49 status unpacked findutils:amd64 4.10.0-3
2026-09-20 18:25:49 install gcc-14-base:amd64 <none> 14.2.0-19
2026-09-20 18:25:49 status half-installed gcc-14-base:amd64 14.2.0-19
2026-09-20 18:25:49 status unpacked gcc-14-base:amd64 14.2.0-19
2026-09-20 18:25:49 install grep:amd64 <none> 3.11-4
2026-09-20 18:25:49 status half-installed grep:amd64 3.11-4
2026-09-20 18:25:49 status unpacked grep:amd64 3.11-4
2026-09-20 18:25:49 install gzip:amd64 <none> 1.13-1+deb13u1
2026-09-20 18:25:49 status half-installed gzip:amd64 1.13-1+deb13u1
2026-09-20 18:25:49 status unpacked gzip:amd64 1.13-1+deb13u1
2026-09-20 18:25:49 install hostname:amd64 <none> 3.25
2026-09-20 18:25:49 status half-installed hostname:amd64 3.25
2026-09-20 18:25:49 status unpacked hostname:amd64 3.25
2026-09-20 18:25:49 install init-system-helpers:all <none> 1.69~deb13u1
2026-09-20 18:25:49 status half-installed init-system-helpers:all 1.69~deb13u1
2026-09-20 18:25:49 status unpacked init-system-helpers:all 1.69~deb13u1
2026-09-20 18:25:50 install libacl1:amd64 <none> 2.3.2-2+b1
2026-09-20 18:25:50 status half-installed libacl1:amd64 2.3.2-2+b1
2026-09-20 18:25:50 status unpacked libacl1:amd64 2.3.2-2+b1
2026-09-20 18:25:50 install libapt-pkg7.0:amd64 <none> 3.0.3
2026-09-20 18:25:50 status half-installed libapt-pkg7.0:amd64 3.0.3
2026-09-20 18:25:50 status unpacked libapt-pkg7.0:amd64 3.0.3
2026-09-20 18:25:50 install libattr1:amd64 <none> 1:2.5.2-3
2026-09-20 18:25:50 status half-installed libattr1:amd64 1:2.5.2-3
2026-09-20 18:25:50 status unpacked libattr1:amd64 1:2.5.2-3
2026-09-20 18:25:50 install libaudit-common:all <none> 1:4.0.2-2+deb13u1
2026-09-20 18:25:50 status half-installed libaudit-common:all 1:4.0.2-2+deb13u1
2026-09-20 18:25:50 status unpacked libaudit-common:all 1:4.0.2-2+deb13u1
2026-09-20 18:25:50 install libaudit1:amd64 <none> 1:4.0.2-2+deb13u1
2026-09-20 18:25:50 status half-installed libaudit1:amd64 1:4.0.2-2+deb13u1
2026-09-20 18:25:50 status unpacked libaudit1:amd64 1:4.0.2-2+deb13u1
2026-09-20 18:25:50 install libblkid1:amd64 <none> 2.41.5-0+deb13u1
2026-09-20 18:25:50 status half-installed libblkid1:amd64 2.41.5-0+deb13u1
2026-09-20 18:25:50 status unpacked libblkid1:amd64 2.41.5-0+deb13u1
2026-09-20 18:25:50 install libbsd0:amd64 <none> 0.12.2-2
2026-09-20 18:25:50 status half-installed libbsd0:amd64 0.12.2-2
2026-09-20 18:25:50 status unpacked libbsd0:amd64 0.12.2-2
2026-09-20 18:25:50 install libbz2-1.0:amd64 <none> 1.0.8-6
2026-09-20 18:25:50 status half-installed libbz2-1.0:amd64 1.0.8-6
2026-09-20 18:25:50 status unpacked libbz2-1.0:amd64 1.0.8-6
2026-09-20 18:25:50 install libc-bin:amd64 <none> 2.41-12+deb13u4
2026-09-20 18:25:50 status half-installed libc-bin:amd64 2.41-12+deb13u4
2026-09-20 18:25:50 status unpacked libc-bin:amd64 2.41-12+deb13u4
2026-09-20 18:25:51 upgrade libc6:amd64 2.41-12+deb13u4 2.41-12+deb13u4
2026-09-20 18:25:51 status half-configured libc6:amd64 2.41-12+deb13u4
2026-09-20 18:25:51 status unpacked libc6:amd64 2.41-12+deb13u4
2026-09-20 18:25:51 status half-installed libc6:amd64 2.41-12+deb13u4
2026-09-20 18:25:51 status unpacked libc6:amd64 2.41-12+deb13u4
2026-09-20 18:25:51 install libcap-ng0:amd64 <none> 0.8.5-4+b1
2026-09-20 18:25:51 status half-installed libcap-ng0:amd64 0.8.5-4+b1
2026-09-20 18:25:51 status unpacked libcap-ng0:amd64 0.8.5-4+b1
2026-09-20 18:25:51 install libcap2:amd64 <none> 1:2.75-10+deb13u1+b3
2026-09-20 18:25:51 status half-installed libcap2:amd64 1:2.75-10+deb13u1+b3
2026-09-20 18:25:51 status unpacked libcap2:amd64 1:2.75-10+deb13u1+b3
2026-09-20 18:25:51 install libcrypt1:amd64 <none> 1:4.4.38-1
2026-09-20 18:25:51 status half-installed libcrypt1:amd64 1:4.4.38-1
2026-09-20 18:25:51 status unpacked libcrypt1:amd64 1:4.4.38-1
2026-09-20 18:25:51 install libdb5.3t64:amd64 <none> 5.3.28+dfsg2-9
2026-09-20 18:25:51 status half-installed libdb5.3t64:amd64 5.3.28+dfsg2-9
2026-09-20 18:25:51 status unpacked libdb5.3t64:amd64 5.3.28+dfsg2-9
2026-09-20 18:25:52 install libdebconfclient0:amd64 <none> 0.280
2026-09-20 18:25:52 status half-installed libdebconfclient0:amd64 0.280
2026-09-20 18:25:52 status unpacked libdebconfclient0:amd64 0.280
2026-09-20 18:25:52 install libgcc-s1:amd64 <none> 14.2.0-19
2026-09-20 18:25:52 status half-installed libgcc-s1:amd64 14.2.0-19
2026-09-20 18:25:52 status unpacked libgcc-s1:amd64 14.2.0-19
2026-09-20 18:25:52 install libgmp10:amd64 <none> 2:6.3.0+dfsg-3
2026-09-20 18:25:52 status half-installed libgmp10:amd64 2:6.3.0+dfsg-3
2026-09-20 18:25:52 status unpacked libgmp10:amd64 2:6.3.0+dfsg-3
2026-09-20 18:25:52 install libhogweed6t64:amd64 <none> 3.10.1-1
2026-09-20 18:25:52 status half-installed libhogweed6t64:amd64 3.10.1-1
2026-09-20 18:25:52 status unpacked libhogweed6t64:amd64 3.10.1-1
2026-09-20 18:25:52 install liblastlog2-2:amd64 <none> 2.41.5-0+deb13u1
2026-09-20 18:25:52 status half-installed liblastlog2-2:amd64 2.41.5-0+deb13u1
2026-09-20 18:25:52 status unpacked liblastlog2-2:amd64 2.41.5-0+deb13u1
2026-09-20 18:25:52 install liblz4-1:amd64 <none> 1.10.0-4
2026-09-20 18:25:52 status half-installed liblz4-1:amd64 1.10.0-4
2026-09-20 18:25:52 status unpacked liblz4-1:amd64 1.10.0-4
2026-09-20 18:25:52 install liblzma5:amd64 <none> 5.8.1-1+deb13u1
2026-09-20 18:25:52 status half-installed liblzma5:amd64 5.8.1-1+deb13u1
2026-09-20 18:25:52 status unpacked liblzma5:amd64 5.8.1-1+deb13u1
2026-09-20 18:25:52 install libmd0:amd64 <none> 1.1.0-2+b1
2026-09-20 18:25:52 status half-installed libmd0:amd64 1.1.0-2+b1
2026-09-20 18:25:52 status unpacked libmd0:amd64 1.1.0-2+b1
2026-09-20 18:25:52 install libmount1:amd64 <none> 2.41.5-0+deb13u1
2026-09-20 18:25:52 status half-installed libmount1:amd64 2.41.5-0+deb13u1
2026-09-20 18:25:52 status unpacked libmount1:amd64 2.41.5-0+deb13u1
2026-09-20 18:25:52 install libnettle8t64:amd64 <none> 3.10.1-1
2026-09-20 18:25:52 status half-installed libnettle8t64:amd64 3.10.1-1
2026-09-20 18:25:52 status unpacked libnettle8t64:amd64 3.10.1-1
2026-09-20 18:25:53 install libpam-modules:amd64 <none> 1.7.0-5
2026-09-20 18:25:53 status half-installed libpam-modules:amd64 1.7.0-5
2026-09-20 18:25:53 status unpacked libpam-modules:amd64 1.7.0-5
2026-09-20 18:25:53 install libpam-modules-bin:amd64 <none> 1.7.0-5
2026-09-20 18:25:53 status half-installed libpam-modules-bin:amd64 1.7.0-5
2026-09-20 18:25:53 status unpacked libpam-modules-bin:amd64 1.7.0-5
2026-09-20 18:25:53 install libpam-runtime:all <none> 1.7.0-5
2026-09-20 18:25:53 status half-installed libpam-runtime:all 1.7.0-5
2026-09-20 18:25:53 status unpacked libpam-runtime:all 1.7.0-5
2026-09-20 18:25:53 install libpam0g:amd64 <none> 1.7.0-5
2026-09-20 18:25:53 status half-installed libpam0g:amd64 1.7.0-5
2026-09-20 18:25:53 status unpacked libpam0g:amd64 1.7.0-5
2026-09-20 18:25:53 install libpcre2-8-0:amd64 <none> 10.46-1~deb13u2
2026-09-20 18:25:53 status half-installed libpcre2-8-0:amd64 10.46-1~deb13u2
2026-09-20 18:25:53 status unpacked libpcre2-8-0:amd64 10.46-1~deb13u2
2026-09-20 18:25:53 install libseccomp2:amd64 <none> 2.6.0-2
2026-09-20 18:25:53 status half-installed libseccomp2:amd64 2.6.0-2
2026-09-20 18:25:53 status unpacked libseccomp2:amd64 2.6.0-2
2026-09-20 18:25:53 install libselinux1:amd64 <none> 3.8.1-1
2026-09-20 18:25:53 status half-installed libselinux1:amd64 3.8.1-1
2026-09-20 18:25:53 status unpacked libselinux1:amd64 3.8.1-1
2026-09-20 18:25:53 install libsemanage-common:all <none> 3.8.1-1
2026-09-20 18:25:53 status half-installed libsemanage-common:all 3.8.1-1
2026-09-20 18:25:54 status unpacked libsemanage-common:all 3.8.1-1
2026-09-20 18:25:54 install libsemanage2:amd64 <none> 3.8.1-1
2026-09-20 18:25:54 status half-installed libsemanage2:amd64 3.8.1-1
2026-09-20 18:25:54 status unpacked libsemanage2:amd64 3.8.1-1
2026-09-20 18:25:54 install libsepol2:amd64 <none> 3.8.1-1
2026-09-20 18:25:54 status half-installed libsepol2:amd64 3.8.1-1
2026-09-20 18:25:54 status unpacked libsepol2:amd64 3.8.1-1
2026-09-20 18:25:54 install libsmartcols1:amd64 <none> 2.41.5-0+deb13u1
2026-09-20 18:25:54 status half-installed libsmartcols1:amd64 2.41.5-0+deb13u1
2026-09-20 18:25:54 status unpacked libsmartcols1:amd64 2.41.5-0+deb13u1
2026-09-20 18:25:55 install libsqlite3-0:amd64 <none> 3.46.1-7+deb13u2
2026-09-20 18:25:55 status half-installed libsqlite3-0:amd64 3.46.1-7+deb13u2
2026-09-20 18:25:55 status unpacked libsqlite3-0:amd64 3.46.1-7+deb13u2
2026-09-20 18:25:55 install libssl3t64:amd64 <none> 3.5.7-1~deb13u2
2026-09-20 18:25:55 status half-installed libssl3t64:amd64 3.5.7-1~deb13u2
2026-09-20 18:25:55 status unpacked libssl3t64:amd64 3.5.7-1~deb13u2
2026-09-20 18:25:56 install libstdc++6:amd64 <none> 14.2.0-19
2026-09-20 18:25:56 status half-installed libstdc++6:amd64 14.2.0-19
2026-09-20 18:25:56 status unpacked libstdc++6:amd64 14.2.0-19
2026-09-20 18:25:56 install libsystemd0:amd64 <none> 257.13-1~deb13u1
2026-09-20 18:25:56 status half-installed libsystemd0:amd64 257.13-1~deb13u1
2026-09-20 18:25:56 status unpacked libsystemd0:amd64 257.13-1~deb13u1
2026-09-20 18:25:56 install libtinfo6:amd64 <none> 6.5+20250216-2
2026-09-20 18:25:56 status half-installed libtinfo6:amd64 6.5+20250216-2
2026-09-20 18:25:57 status unpacked libtinfo6:amd64 6.5+20250216-2
2026-09-20 18:25:57 install libudev1:amd64 <none> 257.13-1~deb13u1
2026-09-20 18:25:57 status half-installed libudev1:amd64 257.13-1~deb13u1
2026-09-20 18:25:57 status unpacked libudev1:amd64 257.13-1~deb13u1
2026-09-20 18:25:57 install libuuid1:amd64 <none> 2.41.5-0+deb13u1
2026-09-20 18:25:57 status half-installed libuuid1:amd64 2.41.5-0+deb13u1
2026-09-20 18:25:57 status unpacked libuuid1:amd64 2.41.5-0+deb13u1
2026-09-20 18:25:57 install libxxhash0:amd64 <none> 0.8.3-2
2026-09-20 18:25:57 status half-installed libxxhash0:amd64 0.8.3-2
2026-09-20 18:25:57 status unpacked libxxhash0:amd64 0.8.3-2
2026-09-20 18:25:57 install libzstd1:amd64 <none> 1.5.7+dfsg-1
2026-09-20 18:25:57 status half-installed libzstd1:amd64 1.5.7+dfsg-1
2026-09-20 18:25:57 status unpacked libzstd1:amd64 1.5.7+dfsg-1
2026-09-20 18:25:58 install login:amd64 <none> 1:4.16.0-2+really2.41.5-0+deb13u1
2026-09-20 18:25:58 status half-installed login:amd64 1:4.16.0-2+really2.41.5-0+deb13u1
2026-09-20 18:25:58 status unpacked login:amd64 1:4.16.0-2+really2.41.5-0+deb13u1
2026-09-20 18:25:58 install login.defs:all <none> 1:4.17.4-2
2026-09-20 18:25:58 status half-installed login.defs:all 1:4.17.4-2
2026-09-20 18:25:58 status unpacked login.defs:all 1:4.17.4-2
2026-09-20 18:25:58 upgrade mawk:amd64 1.3.4.20250131-1 1.3.4.20250131-1
2026-09-20 18:25:58 status half-configured mawk:amd64 1.3.4.20250131-1
2026-09-20 18:25:58 status unpacked mawk:amd64 1.3.4.20250131-1
2026-09-20 18:25:58 status half-installed mawk:amd64 1.3.4.20250131-1
2026-09-20 18:25:58 status unpacked mawk:amd64 1.3.4.20250131-1
2026-09-20 18:25:58 install mount:amd64 <none> 2.41.5-0+deb13u1
2026-09-20 18:25:58 status half-installed mount:amd64 2.41.5-0+deb13u1
2026-09-20 18:25:58 status unpacked mount:amd64 2.41.5-0+deb13u1
2026-09-20 18:25:59 install ncurses-base:all <none> 6.5+20250216-2
2026-09-20 18:25:59 status half-installed ncurses-base:all 6.5+20250216-2
2026-09-20 18:25:59 status unpacked ncurses-base:all 6.5+20250216-2
2026-09-20 18:25:59 install ncurses-bin:amd64 <none> 6.5+20250216-2
2026-09-20 18:25:59 status half-installed ncurses-bin:amd64 6.5+20250216-2
2026-09-20 18:25:59 status unpacked ncurses-bin:amd64 6.5+20250216-2
2026-09-20 18:25:59 install openssl-provider-legacy:amd64 <none> 3.5.7-1~deb13u2
2026-09-20 18:25:59 status half-installed openssl-provider-legacy:amd64 3.5.7-1~deb13u2
2026-09-20 18:25:59 status unpacked openssl-provider-legacy:amd64 3.5.7-1~deb13u2
2026-09-20 18:25:59 install passwd:amd64 <none> 1:4.17.4-2
2026-09-20 18:25:59 status half-installed passwd:amd64 1:4.17.4-2
2026-09-20 18:25:59 status unpacked passwd:amd64 1:4.17.4-2
2026-09-20 18:26:00 upgrade perl-base:amd64 5.40.1-6+deb13u1 5.40.1-6+deb13u1
2026-09-20 18:26:00 status half-configured perl-base:amd64 5.40.1-6+deb13u1
2026-09-20 18:26:00 status unpacked perl-base:amd64 5.40.1-6+deb13u1
2026-09-20 18:26:00 status half-installed perl-base:amd64 5.40.1-6+deb13u1
2026-09-20 18:26:00 status unpacked perl-base:amd64 5.40.1-6+deb13u1
2026-09-20 18:26:00 install sed:amd64 <none> 4.9-2+deb13u1
2026-09-20 18:26:00 status half-installed sed:amd64 4.9-2+deb13u1
2026-09-20 18:26:00 status unpacked sed:amd64 4.9-2+deb13u1
2026-09-20 18:26:00 install sqv:amd64 <none> 1.3.0-3+b2
2026-09-20 18:26:00 status half-installed sqv:amd64 1.3.0-3+b2
2026-09-20 18:26:01 status unpacked sqv:amd64 1.3.0-3+b2
2026-09-20 18:26:01 install sysvinit-utils:amd64 <none> 3.14-4
2026-09-20 18:26:01 status half-installed sysvinit-utils:amd64 3.14-4
2026-09-20 18:26:01 status unpacked sysvinit-utils:amd64 3.14-4
2026-09-20 18:26:01 install tar:amd64 <none> 1.35+dfsg-3.1
2026-09-20 18:26:01 status half-installed tar:amd64 1.35+dfsg-3.1
2026-09-20 18:26:01 status unpacked tar:amd64 1.35+dfsg-3.1
2026-09-20 18:26:01 install tzdata:all <none> 2026c-0+deb13u1
2026-09-20 18:26:01 status half-installed tzdata:all 2026c-0+deb13u1
2026-09-20 18:26:01 status unpacked tzdata:all 2026c-0+deb13u1
2026-09-20 18:26:02 install util-linux:amd64 <none> 2.41.5-0+deb13u1
2026-09-20 18:26:02 status half-installed util-linux:amd64 2.41.5-0+deb13u1
2026-09-20 18:26:02 status unpacked util-linux:amd64 2.41.5-0+deb13u1
2026-09-20 18:26:02 install zlib1g:amd64 <none> 1:1.3.dfsg+really1.3.1-1+b1
2026-09-20 18:26:02 status half-installed zlib1g:amd64 1:1.3.dfsg+really1.3.1-1+b1
2026-09-20 18:26:02 status unpacked zlib1g:amd64 1:1.3.dfsg+really1.3.1-1+b1
2026-09-20 18:26:02 startup packages configure
2026-09-20 18:26:02 configure gcc-14-base:amd64 14.2.0-19 <none>
2026-09-20 18:26:02 status unpacked gcc-14-base:amd64 14.2.0-19
2026-09-20 18:26:02 status half-configured gcc-14-base:amd64 14.2.0-19
2026-09-20 18:26:02 status installed gcc-14-base:amd64 14.2.0-19
2026-09-20 18:26:02 configure login.defs:all 1:4.17.4-2 <none>
2026-09-20 18:26:02 status unpacked login.defs:all 1:4.17.4-2
2026-09-20 18:26:02 status half-configured login.defs:all 1:4.17.4-2
2026-09-20 18:26:02 status installed login.defs:all 1:4.17.4-2
2026-09-20 18:26:02 configure debian-archive-keyring:all 2025.1 <none>
2026-09-20 18:26:02 status unpacked debian-archive-keyring:all 2025.1
2026-09-20 18:26:03 status half-configured debian-archive-keyring:all 2025.1
2026-09-20 18:26:03 status installed debian-archive-keyring:all 2025.1
2026-09-20 18:26:03 configure libaudit-common:all 1:4.0.2-2+deb13u1 <none>
2026-09-20 18:26:03 status unpacked libaudit-common:all 1:4.0.2-2+deb13u1
2026-09-20 18:26:03 status half-configured libaudit-common:all 1:4.0.2-2+deb13u1
2026-09-20 18:26:03 status installed libaudit-common:all 1:4.0.2-2+deb13u1
2026-09-20 18:26:03 configure libsemanage-common:all 3.8.1-1 <none>
2026-09-20 18:26:03 status unpacked libsemanage-common:all 3.8.1-1
2026-09-20 18:26:03 status half-configured libsemanage-common:all 3.8.1-1
2026-09-20 18:26:03 status installed libsemanage-common:all 3.8.1-1
2026-09-20 18:26:03 configure debconf:all 1.5.91 <none>
2026-09-20 18:26:03 status unpacked debconf:all 1.5.91
2026-09-20 18:26:03 status half-configured debconf:all 1.5.91
2026-09-20 18:26:04 status installed debconf:all 1.5.91
2026-09-20 18:26:04 configure tzdata:all 2026c-0+deb13u1 <none>
2026-09-20 18:26:04 status unpacked tzdata:all 2026c-0+deb13u1
2026-09-20 18:26:04 status half-configured tzdata:all 2026c-0+deb13u1
2026-09-20 18:26:04 status installed tzdata:all 2026c-0+deb13u1
2026-09-20 18:26:04 configure ncurses-base:all 6.5+20250216-2 <none>
2026-09-20 18:26:04 status unpacked ncurses-base:all 6.5+20250216-2
2026-09-20 18:26:04 status half-configured ncurses-base:all 6.5+20250216-2
2026-09-20 18:26:04 status installed ncurses-base:all 6.5+20250216-2
2026-09-20 18:26:04 configure init-system-helpers:all 1.69~deb13u1 <none>
2026-09-20 18:26:04 status unpacked init-system-helpers:all 1.69~deb13u1
2026-09-20 18:26:04 status half-configured init-system-helpers:all 1.69~deb13u1
2026-09-20 18:26:04 status installed init-system-helpers:all 1.69~deb13u1
2026-09-20 18:26:04 configure libgcc-s1:amd64 14.2.0-19 <none>
2026-09-20 18:26:04 status unpacked libgcc-s1:amd64 14.2.0-19
2026-09-20 18:26:04 status half-configured libgcc-s1:amd64 14.2.0-19
2026-09-20 18:26:04 status installed libgcc-s1:amd64 14.2.0-19
2026-09-20 18:26:04 configure libc6:amd64 2.41-12+deb13u4 <none>
2026-09-20 18:26:04 status unpacked libc6:amd64 2.41-12+deb13u4
2026-09-20 18:26:04 status half-configured libc6:amd64 2.41-12+deb13u4
2026-09-20 18:26:04 status installed libc6:amd64 2.41-12+deb13u4
2026-09-20 18:26:04 configure libdb5.3t64:amd64 5.3.28+dfsg2-9 <none>
2026-09-20 18:26:04 status unpacked libdb5.3t64:amd64 5.3.28+dfsg2-9
2026-09-20 18:26:05 status half-configured libdb5.3t64:amd64 5.3.28+dfsg2-9
2026-09-20 18:26:05 status installed libdb5.3t64:amd64 5.3.28+dfsg2-9
2026-09-20 18:26:05 configure libmd0:amd64 1.1.0-2+b1 <none>
2026-09-20 18:26:05 status unpacked libmd0:amd64 1.1.0-2+b1
2026-09-20 18:26:05 status half-configured libmd0:amd64 1.1.0-2+b1
2026-09-20 18:26:05 status installed libmd0:amd64 1.1.0-2+b1
2026-09-20 18:26:05 configure libxxhash0:amd64 0.8.3-2 <none>
2026-09-20 18:26:05 status unpacked libxxhash0:amd64 0.8.3-2
2026-09-20 18:26:05 status half-configured libxxhash0:amd64 0.8.3-2
2026-09-20 18:26:05 status installed libxxhash0:amd64 0.8.3-2
2026-09-20 18:26:05 configure libattr1:amd64 1:2.5.2-3 <none>
2026-09-20 18:26:05 status unpacked libattr1:amd64 1:2.5.2-3
2026-09-20 18:26:05 status half-configured libattr1:amd64 1:2.5.2-3
2026-09-20 18:26:05 status installed libattr1:amd64 1:2.5.2-3
2026-09-20 18:26:05 configure sysvinit-utils:amd64 3.14-4 <none>
2026-09-20 18:26:05 status unpacked sysvinit-utils:amd64 3.14-4
2026-09-20 18:26:05 status half-configured sysvinit-utils:amd64 3.14-4
2026-09-20 18:26:05 status installed sysvinit-utils:amd64 3.14-4
2026-09-20 18:26:05 configure debianutils:amd64 5.23.2 <none>
2026-09-20 18:26:05 status unpacked debianutils:amd64 5.23.2
2026-09-20 18:26:05 status half-configured debianutils:amd64 5.23.2
2026-09-20 18:26:05 status installed debianutils:amd64 5.23.2
2026-09-20 18:26:05 configure mawk:amd64 1.3.4.20250131-1 <none>
2026-09-20 18:26:05 status unpacked mawk:amd64 1.3.4.20250131-1
2026-09-20 18:26:05 status half-configured mawk:amd64 1.3.4.20250131-1
2026-09-20 18:26:05 status installed mawk:amd64 1.3.4.20250131-1
2026-09-20 18:26:05 configure libdebconfclient0:amd64 0.280 <none>
2026-09-20 18:26:05 status unpacked libdebconfclient0:amd64 0.280
2026-09-20 18:26:05 status half-configured libdebconfclient0:amd64 0.280
2026-09-20 18:26:05 status installed libdebconfclient0:amd64 0.280
2026-09-20 18:26:05 configure base-files:amd64 13.8+deb13u7 <none>
2026-09-20 18:26:05 status unpacked base-files:amd64 13.8+deb13u7
2026-09-20 18:26:06 status half-configured base-files:amd64 13.8+deb13u7
2026-09-20 18:26:06 status installed base-files:amd64 13.8+deb13u7
2026-09-20 18:26:06 configure libbz2-1.0:amd64 1.0.8-6 <none>
2026-09-20 18:26:06 status unpacked libbz2-1.0:amd64 1.0.8-6
2026-09-20 18:26:06 status half-configured libbz2-1.0:amd64 1.0.8-6
2026-09-20 18:26:06 status installed libbz2-1.0:amd64 1.0.8-6
2026-09-20 18:26:06 configure libbsd0:amd64 0.12.2-2 <none>
2026-09-20 18:26:06 status unpacked libbsd0:amd64 0.12.2-2
2026-09-20 18:26:06 status half-configured libbsd0:amd64 0.12.2-2
2026-09-20 18:26:06 status installed libbsd0:amd64 0.12.2-2
2026-09-20 18:26:06 configure libblkid1:amd64 2.41.5-0+deb13u1 <none>
2026-09-20 18:26:06 status unpacked libblkid1:amd64 2.41.5-0+deb13u1
2026-09-20 18:26:06 status half-configured libblkid1:amd64 2.41.5-0+deb13u1
2026-09-20 18:26:06 status installed libblkid1:amd64 2.41.5-0+deb13u1
2026-09-20 18:26:06 configure libstdc++6:amd64 14.2.0-19 <none>
2026-09-20 18:26:06 status unpacked libstdc++6:amd64 14.2.0-19
2026-09-20 18:26:06 status half-configured libstdc++6:amd64 14.2.0-19
2026-09-20 18:26:06 status installed libstdc++6:amd64 14.2.0-19
2026-09-20 18:26:06 configure dash:amd64 0.5.12-12 <none>
2026-09-20 18:26:06 status unpacked dash:amd64 0.5.12-12
2026-09-20 18:26:06 status half-configured dash:amd64 0.5.12-12
2026-09-20 18:26:06 status installed dash:amd64 0.5.12-12
2026-09-20 18:26:06 configure libtinfo6:amd64 6.5+20250216-2 <none>
2026-09-20 18:26:06 status unpacked libtinfo6:amd64 6.5+20250216-2
2026-09-20 18:26:06 status half-configured libtinfo6:amd64 6.5+20250216-2
2026-09-20 18:26:06 status installed libtinfo6:amd64 6.5+20250216-2
2026-09-20 18:26:06 configure bash:amd64 5.2.37-2+b10 <none>
2026-09-20 18:26:06 status unpacked bash:amd64 5.2.37-2+b10
2026-09-20 18:26:07 status half-configured bash:amd64 5.2.37-2+b10
2026-09-20 18:26:07 status installed bash:amd64 5.2.37-2+b10
2026-09-20 18:26:07 configure libzstd1:amd64 1.5.7+dfsg-1 <none>
2026-09-20 18:26:07 status unpacked libzstd1:amd64 1.5.7+dfsg-1
2026-09-20 18:26:07 status half-configured libzstd1:amd64 1.5.7+dfsg-1
2026-09-20 18:26:07 status installed libzstd1:amd64 1.5.7+dfsg-1
2026-09-20 18:26:07 configure liblzma5:amd64 5.8.1-1+deb13u1 <none>
2026-09-20 18:26:07 status unpacked liblzma5:amd64 5.8.1-1+deb13u1
2026-09-20 18:26:07 status half-configured liblzma5:amd64 5.8.1-1+deb13u1
2026-09-20 18:26:07 status installed liblzma5:amd64 5.8.1-1+deb13u1
2026-09-20 18:26:07 configure liblz4-1:amd64 1.10.0-4 <none>
2026-09-20 18:26:07 status unpacked liblz4-1:amd64 1.10.0-4
2026-09-20 18:26:07 status half-configured liblz4-1:amd64 1.10.0-4
2026-09-20 18:26:07 status installed liblz4-1:amd64 1.10.0-4
2026-09-20 18:26:07 configure libc-bin:amd64 2.41-12+deb13u4 <none>
2026-09-20 18:26:07 status unpacked libc-bin:amd64 2.41-12+deb13u4
2026-09-20 18:26:07 status half-configured libc-bin:amd64 2.41-12+deb13u4
2026-09-20 18:26:07 status installed libc-bin:amd64 2.41-12+deb13u4
2026-09-20 18:26:07 configure libsqlite3-0:amd64 3.46.1-7+deb13u2 <none>
2026-09-20 18:26:07 status triggers-pending libc-bin:amd64 2.41-12+deb13u4
2026-09-20 18:26:07 status unpacked libsqlite3-0:amd64 3.46.1-7+deb13u2
2026-09-20 18:26:07 status half-configured libsqlite3-0:amd64 3.46.1-7+deb13u2
2026-09-20 18:26:08 status installed libsqlite3-0:amd64 3.46.1-7+deb13u2
2026-09-20 18:26:08 configure ncurses-bin:amd64 6.5+20250216-2 <none>
2026-09-20 18:26:08 status unpacked ncurses-bin:amd64 6.5+20250216-2
2026-09-20 18:26:08 status half-configured ncurses-bin:amd64 6.5+20250216-2
2026-09-20 18:26:08 status installed ncurses-bin:amd64 6.5+20250216-2
2026-09-20 18:26:08 configure libacl1:amd64 2.3.2-2+b1 <none>
2026-09-20 18:26:08 status unpacked libacl1:amd64 2.3.2-2+b1
2026-09-20 18:26:08 status half-configured libacl1:amd64 2.3.2-2+b1
2026-09-20 18:26:08 status installed libacl1:amd64 2.3.2-2+b1
2026-09-20 18:26:08 configure libsmartcols1:amd64 2.41.5-0+deb13u1 <none>
2026-09-20 18:26:08 status unpacked libsmartcols1:amd64 2.41.5-0+deb13u1
2026-09-20 18:26:08 status half-configured libsmartcols1:amd64 2.41.5-0+deb13u1
2026-09-20 18:26:08 status installed libsmartcols1:amd64 2.41.5-0+deb13u1
2026-09-20 18:26:08 configure zlib1g:amd64 1:1.3.dfsg+really1.3.1-1+b1 <none>
2026-09-20 18:26:08 status unpacked zlib1g:amd64 1:1.3.dfsg+really1.3.1-1+b1
2026-09-20 18:26:08 status half-configured zlib1g:amd64 1:1.3.dfsg+really1.3.1-1+b1
2026-09-20 18:26:08 status installed zlib1g:amd64 1:1.3.dfsg+really1.3.1-1+b1
2026-09-20 18:26:08 configure libcrypt1:amd64 1:4.4.38-1 <none>
2026-09-20 18:26:08 status unpacked libcrypt1:amd64 1:4.4.38-1
2026-09-20 18:26:08 status half-configured libcrypt1:amd64 1:4.4.38-1
2026-09-20 18:26:08 status installed libcrypt1:amd64 1:4.4.38-1
2026-09-20 18:26:08 configure diffutils:amd64 1:3.10-4 <none>
2026-09-20 18:26:08 status unpacked diffutils:amd64 1:3.10-4
2026-09-20 18:26:08 status half-configured diffutils:amd64 1:3.10-4
2026-09-20 18:26:08 status installed diffutils:amd64 1:3.10-4
2026-09-20 18:26:08 configure libseccomp2:amd64 2.6.0-2 <none>
2026-09-20 18:26:08 status unpacked libseccomp2:amd64 2.6.0-2
2026-09-20 18:26:08 status half-configured libseccomp2:amd64 2.6.0-2
2026-09-20 18:26:08 status installed libseccomp2:amd64 2.6.0-2
2026-09-20 18:26:08 configure libcap2:amd64 1:2.75-10+deb13u1+b3 <none>
2026-09-20 18:26:08 status unpacked libcap2:amd64 1:2.75-10+deb13u1+b3
2026-09-20 18:26:08 status half-configured libcap2:amd64 1:2.75-10+deb13u1+b3
2026-09-20 18:26:08 status installed libcap2:amd64 1:2.75-10+deb13u1+b3
2026-09-20 18:26:08 configure perl-base:amd64 5.40.1-6+deb13u1 <none>
2026-09-20 18:26:08 status unpacked perl-base:amd64 5.40.1-6+deb13u1
2026-09-20 18:26:08 status half-configured perl-base:amd64 5.40.1-6+deb13u1
2026-09-20 18:26:08 status installed perl-base:amd64 5.40.1-6+deb13u1
2026-09-20 18:26:09 configure openssl-provider-legacy:amd64 3.5.7-1~deb13u2 <none>
2026-09-20 18:26:09 status unpacked openssl-provider-legacy:amd64 3.5.7-1~deb13u2
2026-09-20 18:26:09 status half-configured openssl-provider-legacy:amd64 3.5.7-1~deb13u2
2026-09-20 18:26:09 status installed openssl-provider-legacy:amd64 3.5.7-1~deb13u2
2026-09-20 18:26:09 configure hostname:amd64 3.25 <none>
2026-09-20 18:26:09 status unpacked hostname:amd64 3.25
2026-09-20 18:26:09 status half-configured hostname:amd64 3.25
2026-09-20 18:26:09 status installed hostname:amd64 3.25
2026-09-20 18:26:09 configure libcap-ng0:amd64 0.8.5-4+b1 <none>
2026-09-20 18:26:09 status unpacked libcap-ng0:amd64 0.8.5-4+b1
2026-09-20 18:26:09 status half-configured libcap-ng0:amd64 0.8.5-4+b1
2026-09-20 18:26:09 status installed libcap-ng0:amd64 0.8.5-4+b1
2026-09-20 18:26:09 configure libnettle8t64:amd64 3.10.1-1 <none>
2026-09-20 18:26:09 status unpacked libnettle8t64:amd64 3.10.1-1
2026-09-20 18:26:09 status half-configured libnettle8t64:amd64 3.10.1-1
2026-09-20 18:26:09 status installed libnettle8t64:amd64 3.10.1-1
2026-09-20 18:26:09 configure libgmp10:amd64 2:6.3.0+dfsg-3 <none>
2026-09-20 18:26:09 status unpacked libgmp10:amd64 2:6.3.0+dfsg-3
2026-09-20 18:26:09 status half-configured libgmp10:amd64 2:6.3.0+dfsg-3
2026-09-20 18:26:09 status installed libgmp10:amd64 2:6.3.0+dfsg-3
2026-09-20 18:26:09 configure libaudit1:amd64 1:4.0.2-2+deb13u1 <none>
2026-09-20 18:26:09 status unpacked libaudit1:amd64 1:4.0.2-2+deb13u1
2026-09-20 18:26:09 status half-configured libaudit1:amd64 1:4.0.2-2+deb13u1
2026-09-20 18:26:09 status installed libaudit1:amd64 1:4.0.2-2+deb13u1
2026-09-20 18:26:09 configure gzip:amd64 1.13-1+deb13u1 <none>
2026-09-20 18:26:09 status unpacked gzip:amd64 1.13-1+deb13u1
2026-09-20 18:26:09 status half-configured gzip:amd64 1.13-1+deb13u1
2026-09-20 18:26:09 status installed gzip:amd64 1.13-1+deb13u1
2026-09-20 18:26:09 configure libuuid1:amd64 2.41.5-0+deb13u1 <none>
2026-09-20 18:26:09 status unpacked libuuid1:amd64 2.41.5-0+deb13u1
2026-09-20 18:26:09 status half-configured libuuid1:amd64 2.41.5-0+deb13u1
2026-09-20 18:26:09 status installed libuuid1:amd64 2.41.5-0+deb13u1
2026-09-20 18:26:09 configure libsepol2:amd64 3.8.1-1 <none>
2026-09-20 18:26:09 status unpacked libsepol2:amd64 3.8.1-1
2026-09-20 18:26:09 status half-configured libsepol2:amd64 3.8.1-1
2026-09-20 18:26:09 status installed libsepol2:amd64 3.8.1-1
2026-09-20 18:26:09 configure libpcre2-8-0:amd64 10.46-1~deb13u2 <none>
2026-09-20 18:26:09 status unpacked libpcre2-8-0:amd64 10.46-1~deb13u2
2026-09-20 18:26:09 status half-configured libpcre2-8-0:amd64 10.46-1~deb13u2
2026-09-20 18:26:09 status installed libpcre2-8-0:amd64 10.46-1~deb13u2
2026-09-20 18:26:09 configure libudev1:amd64 257.13-1~deb13u1 <none>
2026-09-20 18:26:09 status unpacked libudev1:amd64 257.13-1~deb13u1
2026-09-20 18:26:09 status half-configured libudev1:amd64 257.13-1~deb13u1
2026-09-20 18:26:10 status installed libudev1:amd64 257.13-1~deb13u1
2026-09-20 18:26:10 configure libhogweed6t64:amd64 3.10.1-1 <none>
2026-09-20 18:26:10 status unpacked libhogweed6t64:amd64 3.10.1-1
2026-09-20 18:26:10 status half-configured libhogweed6t64:amd64 3.10.1-1
2026-09-20 18:26:10 status installed libhogweed6t64:amd64 3.10.1-1
2026-09-20 18:26:10 configure sqv:amd64 1.3.0-3+b2 <none>
2026-09-20 18:26:10 status unpacked sqv:amd64 1.3.0-3+b2
2026-09-20 18:26:10 status half-configured sqv:amd64 1.3.0-3+b2
2026-09-20 18:26:10 status installed sqv:amd64 1.3.0-3+b2
2026-09-20 18:26:10 configure grep:amd64 3.11-4 <none>
2026-09-20 18:26:10 status unpacked grep:amd64 3.11-4
2026-09-20 18:26:10 status half-configured grep:amd64 3.11-4
2026-09-20 18:26:10 status installed grep:amd64 3.11-4
2026-09-20 18:26:10 configure libssl3t64:amd64 3.5.7-1~deb13u2 <none>
2026-09-20 18:26:10 status unpacked libssl3t64:amd64 3.5.7-1~deb13u2
2026-09-20 18:26:10 status half-configured libssl3t64:amd64 3.5.7-1~deb13u2
2026-09-20 18:26:10 status installed libssl3t64:amd64 3.5.7-1~deb13u2
2026-09-20 18:26:10 configure liblastlog2-2:amd64 2.41.5-0+deb13u1 <none>
2026-09-20 18:26:10 status unpacked liblastlog2-2:amd64 2.41.5-0+deb13u1
2026-09-20 18:26:10 status half-configured liblastlog2-2:amd64 2.41.5-0+deb13u1
2026-09-20 18:26:10 status installed liblastlog2-2:amd64 2.41.5-0+deb13u1
2026-09-20 18:26:10 configure libsystemd0:amd64 257.13-1~deb13u1 <none>
2026-09-20 18:26:10 status unpacked libsystemd0:amd64 257.13-1~deb13u1
2026-09-20 18:26:10 status half-configured libsystemd0:amd64 257.13-1~deb13u1
2026-09-20 18:26:10 status installed libsystemd0:amd64 257.13-1~deb13u1
2026-09-20 18:26:10 configure libselinux1:amd64 3.8.1-1 <none>
2026-09-20 18:26:10 status unpacked libselinux1:amd64 3.8.1-1
2026-09-20 18:26:10 status half-configured libselinux1:amd64 3.8.1-1
2026-09-20 18:26:10 status installed libselinux1:amd64 3.8.1-1
2026-09-20 18:26:10 configure libpam0g:amd64 1.7.0-5 <none>
2026-09-20 18:26:10 status unpacked libpam0g:amd64 1.7.0-5
2026-09-20 18:26:10 status half-configured libpam0g:amd64 1.7.0-5
2026-09-20 18:26:10 status installed libpam0g:amd64 1.7.0-5
2026-09-20 18:26:10 configure sed:amd64 4.9-2+deb13u1 <none>
2026-09-20 18:26:10 status unpacked sed:amd64 4.9-2+deb13u1
2026-09-20 18:26:11 status half-configured sed:amd64 4.9-2+deb13u1
2026-09-20 18:26:11 status installed sed:amd64 4.9-2+deb13u1
2026-09-20 18:26:11 configure findutils:amd64 4.10.0-3 <none>
2026-09-20 18:26:11 status unpacked findutils:amd64 4.10.0-3
2026-09-20 18:26:11 status half-configured findutils:amd64 4.10.0-3
2026-09-20 18:26:11 status installed findutils:amd64 4.10.0-3
2026-09-20 18:26:11 configure libmount1:amd64 2.41.5-0+deb13u1 <none>
2026-09-20 18:26:11 status unpacked libmount1:amd64 2.41.5-0+deb13u1
2026-09-20 18:26:11 status half-configured libmount1:amd64 2.41.5-0+deb13u1
2026-09-20 18:26:11 status installed libmount1:amd64 2.41.5-0+deb13u1
2026-09-20 18:26:11 configure libsemanage2:amd64 3.8.1-1 <none>
2026-09-20 18:26:11 status unpacked libsemanage2:amd64 3.8.1-1
2026-09-20 18:26:11 status half-configured libsemanage2:amd64 3.8.1-1
2026-09-20 18:26:11 status installed libsemanage2:amd64 3.8.1-1
2026-09-20 18:26:11 configure libapt-pkg7.0:amd64 3.0.3 <none>
2026-09-20 18:26:11 status unpacked libapt-pkg7.0:amd64 3.0.3
2026-09-20 18:26:11 status half-configured libapt-pkg7.0:amd64 3.0.3
2026-09-20 18:26:11 status installed libapt-pkg7.0:amd64 3.0.3
2026-09-20 18:26:11 configure base-passwd:amd64 3.6.7 <none>
2026-09-20 18:26:11 status unpacked base-passwd:amd64 3.6.7
2026-09-20 18:26:11 status half-configured base-passwd:amd64 3.6.7
2026-09-20 18:26:11 status installed base-passwd:amd64 3.6.7
2026-09-20 18:26:11 configure apt:amd64 3.0.3 <none>
2026-09-20 18:26:11 status unpacked apt:amd64 3.0.3
2026-09-20 18:26:11 status half-configured apt:amd64 3.0.3
2026-09-20 18:26:12 status installed apt:amd64 3.0.3
2026-09-20 18:26:12 configure bsdutils:amd64 1:2.41.5-0+deb13u1 <none>
2026-09-20 18:26:12 status unpacked bsdutils:amd64 1:2.41.5-0+deb13u1
2026-09-20 18:26:12 status half-configured bsdutils:amd64 1:2.41.5-0+deb13u1
2026-09-20 18:26:12 status installed bsdutils:amd64 1:2.41.5-0+deb13u1
2026-09-20 18:26:12 configure tar:amd64 1.35+dfsg-3.1 <none>
2026-09-20 18:26:12 status unpacked tar:amd64 1.35+dfsg-3.1
2026-09-20 18:26:12 status half-configured tar:amd64 1.35+dfsg-3.1
2026-09-20 18:26:12 status installed tar:amd64 1.35+dfsg-3.1
2026-09-20 18:26:12 configure libpam-modules-bin:amd64 1.7.0-5 <none>
2026-09-20 18:26:12 status unpacked libpam-modules-bin:amd64 1.7.0-5
2026-09-20 18:26:12 status half-configured libpam-modules-bin:amd64 1.7.0-5
2026-09-20 18:26:12 status installed libpam-modules-bin:amd64 1.7.0-5
2026-09-20 18:26:12 configure coreutils:amd64 9.7-3 <none>
2026-09-20 18:26:12 status unpacked coreutils:amd64 9.7-3
2026-09-20 18:26:12 status half-configured coreutils:amd64 9.7-3
2026-09-20 18:26:12 status installed coreutils:amd64 9.7-3
2026-09-20 18:26:12 configure dpkg:amd64 1.22.22 <none>
2026-09-20 18:26:12 status unpacked dpkg:amd64 1.22.22
2026-09-20 18:26:12 status half-configured dpkg:amd64 1.22.22
2026-09-20 18:26:12 status installed dpkg:amd64 1.22.22
2026-09-20 18:26:12 configure mount:amd64 2.41.5-0+deb13u1 <none>
2026-09-20 18:26:12 status unpacked mount:amd64 2.41.5-0+deb13u1
2026-09-20 18:26:12 status half-configured mount:amd64 2.41.5-0+deb13u1
2026-09-20 18:26:12 status installed mount:amd64 2.41.5-0+deb13u1
2026-09-20 18:26:12 configure libpam-modules:amd64 1.7.0-5 <none>
2026-09-20 18:26:12 status unpacked libpam-modules:amd64 1.7.0-5
2026-09-20 18:26:13 status half-configured libpam-modules:amd64 1.7.0-5
2026-09-20 18:26:13 status installed libpam-modules:amd64 1.7.0-5
2026-09-20 18:26:13 configure passwd:amd64 1:4.17.4-2 <none>
2026-09-20 18:26:13 status unpacked passwd:amd64 1:4.17.4-2
2026-09-20 18:26:13 status half-configured passwd:amd64 1:4.17.4-2
2026-09-20 18:26:13 status installed passwd:amd64 1:4.17.4-2
2026-09-20 18:26:13 configure libpam-runtime:all 1.7.0-5 <none>
2026-09-20 18:26:13 status unpacked libpam-runtime:all 1.7.0-5
2026-09-20 18:26:13 status half-configured libpam-runtime:all 1.7.0-5
2026-09-20 18:26:13 status installed libpam-runtime:all 1.7.0-5
2026-09-20 18:26:13 configure login:amd64 1:4.16.0-2+really2.41.5-0+deb13u1 <none>
2026-09-20 18:26:13 status unpacked login:amd64 1:4.16.0-2+really2.41.5-0+deb13u1
2026-09-20 18:26:13 status half-configured login:amd64 1:4.16.0-2+really2.41.5-0+deb13u1
2026-09-20 18:26:13 status installed login:amd64 1:4.16.0-2+really2.41.5-0+deb13u1
2026-09-20 18:26:13 configure util-linux:amd64 2.41.5-0+deb13u1 <none>
2026-09-20 18:26:13 status unpacked util-linux:amd64 2.41.5-0+deb13u1
2026-09-20 18:26:13 status half-configured util-linux:amd64 2.41.5-0+deb13u1
2026-09-20 18:26:14 status installed util-linux:amd64 2.41.5-0+deb13u1
2026-09-20 18:26:14 trigproc libc-bin:amd64 2.41-12+deb13u4 <none>
2026-09-20 18:26:14 status half-configured libc-bin:amd64 2.41-12+deb13u4
2026-09-20 18:26:14 status installed libc-bin:amd64 2.41-12+deb13u4
2026-09-20 18:26:19 startup archives install
2026-09-20 18:26:19 install libsystemd-shared:amd64 <none> 257.13-1~deb13u1
2026-09-20 18:26:19 status half-installed libsystemd-shared:amd64 257.13-1~deb13u1
2026-09-20 18:26:19 status unpacked libsystemd-shared:amd64 257.13-1~deb13u1
2026-09-20 18:26:19 configure libsystemd-shared:amd64 257.13-1~deb13u1 257.13-1~deb13u1
2026-09-20 18:26:19 status half-configured libsystemd-shared:amd64 257.13-1~deb13u1
2026-09-20 18:26:20 status installed libsystemd-shared:amd64 257.13-1~deb13u1
2026-09-20 18:26:24 startup archives install
2026-09-20 18:26:24 install libapparmor1:amd64 <none> 4.1.0-1
2026-09-20 18:26:24 status triggers-pending libc-bin:amd64 2.41-12+deb13u4
2026-09-20 18:26:24 status half-installed libapparmor1:amd64 4.1.0-1
2026-09-20 18:26:24 status unpacked libapparmor1:amd64 4.1.0-1
2026-09-20 18:26:25 install systemd:amd64 <none> 257.13-1~deb13u1
2026-09-20 18:26:25 status half-installed systemd:amd64 257.13-1~deb13u1
2026-09-20 18:26:25 status unpacked systemd:amd64 257.13-1~deb13u1
2026-09-20 18:26:25 configure libapparmor1:amd64 4.1.0-1 4.1.0-1
2026-09-20 18:26:25 status half-configured libapparmor1:amd64 4.1.0-1
2026-09-20 18:26:25 status installed libapparmor1:amd64 4.1.0-1
2026-09-20 18:26:26 configure systemd:amd64 257.13-1~deb13u1 257.13-1~deb13u1
2026-09-20 18:26:26 status half-configured systemd:amd64 257.13-1~deb13u1
2026-09-20 18:26:26 status installed systemd:amd64 257.13-1~deb13u1
2026-09-20 18:26:26 trigproc libc-bin:amd64 2.41-12+deb13u4 <none>
2026-09-20 18:26:26 status half-configured libc-bin:amd64 2.41-12+deb13u4
2026-09-20 18:26:26 status installed libc-bin:amd64 2.41-12+deb13u4
2026-09-20 18:26:33 startup archives install
2026-09-20 18:26:33 install systemd-sysv:amd64 <none> 257.13-1~deb13u1
2026-09-20 18:26:33 status half-installed systemd-sysv:amd64 257.13-1~deb13u1
2026-09-20 18:26:34 status unpacked systemd-sysv:amd64 257.13-1~deb13u1
2026-09-20 18:26:34 configure systemd-sysv:amd64 257.13-1~deb13u1 257.13-1~deb13u1
2026-09-20 18:26:34 status half-configured systemd-sysv:amd64 257.13-1~deb13u1
2026-09-20 18:26:34 status installed systemd-sysv:amd64 257.13-1~deb13u1
2026-09-20 18:26:40 startup archives install
2026-09-20 18:26:40 install adduser:all <none> 3.152
2026-09-20 18:26:40 status half-installed adduser:all 3.152
2026-09-20 18:26:40 status unpacked adduser:all 3.152
2026-09-20 18:26:40 install cron-daemon-common:all <none> 3.0pl1-197
2026-09-20 18:26:40 status half-installed cron-daemon-common:all 3.0pl1-197
2026-09-20 18:26:40 status unpacked cron-daemon-common:all 3.0pl1-197
2026-09-20 18:26:40 configure adduser:all 3.152 3.152
2026-09-20 18:26:40 status half-configured adduser:all 3.152
2026-09-20 18:26:40 status installed adduser:all 3.152
2026-09-20 18:26:40 configure cron-daemon-common:all 3.0pl1-197 3.0pl1-197
2026-09-20 18:26:40 status half-configured cron-daemon-common:all 3.0pl1-197
2026-09-20 18:26:40 status installed cron-daemon-common:all 3.0pl1-197
2026-09-20 18:26:46 startup archives install
2026-09-20 18:26:46 install libcom-err2:amd64 <none> 1.47.2-3+b12
2026-09-20 18:26:46 status triggers-pending libc-bin:amd64 2.41-12+deb13u4
2026-09-20 18:26:46 status half-installed libcom-err2:amd64 1.47.2-3+b12
2026-09-20 18:26:46 status unpacked libcom-err2:amd64 1.47.2-3+b12
2026-09-20 18:26:46 configure libcom-err2:amd64 1.47.2-3+b12 1.47.2-3+b12
2026-09-20 18:26:46 status half-configured libcom-err2:amd64 1.47.2-3+b12
2026-09-20 18:26:46 status installed libcom-err2:amd64 1.47.2-3+b12
2026-09-20 18:26:46 trigproc libc-bin:amd64 2.41-12+deb13u4 <none>
2026-09-20 18:26:46 status half-configured libc-bin:amd64 2.41-12+deb13u4
2026-09-20 18:26:46 status installed libc-bin:amd64 2.41-12+deb13u4
2026-09-20 18:26:54 startup archives install
2026-09-20 18:26:54 install libext2fs2t64:amd64 <none> 1.47.2-3+b12
2026-09-20 18:26:54 status triggers-pending libc-bin:amd64 2.41-12+deb13u4
2026-09-20 18:26:54 status half-installed libext2fs2t64:amd64 1.47.2-3+b12
2026-09-20 18:26:54 status unpacked libext2fs2t64:amd64 1.47.2-3+b12
2026-09-20 18:26:54 configure libext2fs2t64:amd64 1.47.2-3+b12 1.47.2-3+b12
2026-09-20 18:26:54 status half-configured libext2fs2t64:amd64 1.47.2-3+b12
2026-09-20 18:26:54 status installed libext2fs2t64:amd64 1.47.2-3+b12
2026-09-20 18:26:54 trigproc libc-bin:amd64 2.41-12+deb13u4 <none>
2026-09-20 18:26:54 status half-configured libc-bin:amd64 2.41-12+deb13u4
2026-09-20 18:26:54 status installed libc-bin:amd64 2.41-12+deb13u4
2026-09-20 18:26:59 startup archives install
2026-09-20 18:26:59 install libss2:amd64 <none> 1.47.2-3+b12
2026-09-20 18:26:59 status triggers-pending libc-bin:amd64 2.41-12+deb13u4
2026-09-20 18:26:59 status half-installed libss2:amd64 1.47.2-3+b12
2026-09-20 18:27:00 status unpacked libss2:amd64 1.47.2-3+b12
2026-09-20 18:27:00 configure libss2:amd64 1.47.2-3+b12 1.47.2-3+b12
2026-09-20 18:27:00 status half-configured libss2:amd64 1.47.2-3+b12
2026-09-20 18:27:00 status installed libss2:amd64 1.47.2-3+b12
2026-09-20 18:27:00 trigproc libc-bin:amd64 2.41-12+deb13u4 <none>
2026-09-20 18:27:00 status half-configured libc-bin:amd64 2.41-12+deb13u4
2026-09-20 18:27:00 status installed libc-bin:amd64 2.41-12+deb13u4
2026-09-20 18:27:00 startup archives unpack
2026-09-20 18:27:00 install apt-utils:amd64 <none> 3.0.3
2026-09-20 18:27:00 status half-installed apt-utils:amd64 3.0.3
2026-09-20 18:27:00 status unpacked apt-utils:amd64 3.0.3
2026-09-20 18:27:00 install cpio:amd64 <none> 2.15+dfsg-2
2026-09-20 18:27:00 status half-installed cpio:amd64 2.15+dfsg-2
2026-09-20 18:27:00 status unpacked cpio:amd64 2.15+dfsg-2
2026-09-20 18:27:00 install cron:amd64 <none> 3.0pl1-197
2026-09-20 18:27:00 status half-installed cron:amd64 3.0pl1-197
2026-09-20 18:27:00 status unpacked cron:amd64 3.0pl1-197
2026-09-20 18:27:00 install debconf-i18n:all <none> 1.5.91
2026-09-20 18:27:00 status half-installed debconf-i18n:all 1.5.91
2026-09-20 18:27:00 status unpacked debconf-i18n:all 1.5.91
2026-09-20 18:27:00 install dhcpcd-base:amd64 <none> 1:10.1.0-11+deb13u4
2026-09-20 18:27:00 status half-installed dhcpcd-base:amd64 1:10.1.0-11+deb13u4
2026-09-20 18:27:00 status unpacked dhcpcd-base:amd64 1:10.1.0-11+deb13u4
2026-09-20 18:27:01 install dmidecode:amd64 <none> 3.6-2
2026-09-20 18:27:01 status half-installed dmidecode:amd64 3.6-2
2026-09-20 18:27:01 status unpacked dmidecode:amd64 3.6-2
2026-09-20 18:27:01 install e2fsprogs:amd64 <none> 1.47.2-3+b12
2026-09-20 18:27:01 status half-installed e2fsprogs:amd64 1.47.2-3+b12
2026-09-20 18:27:01 status unpacked e2fsprogs:amd64 1.47.2-3+b12
2026-09-20 18:27:01 install fdisk:amd64 <none> 2.41.5-0+deb13u1
2026-09-20 18:27:01 status half-installed fdisk:amd64 2.41.5-0+deb13u1
2026-09-20 18:27:01 status unpacked fdisk:amd64 2.41.5-0+deb13u1
2026-09-20 18:27:01 install ifupdown:amd64 <none> 0.8.44+deb13u1
2026-09-20 18:27:01 status half-installed ifupdown:amd64 0.8.44+deb13u1
2026-09-20 18:27:01 status unpacked ifupdown:amd64 0.8.44+deb13u1
2026-09-20 18:27:01 install init:amd64 <none> 1.69~deb13u1
2026-09-20 18:27:01 status half-installed init:amd64 1.69~deb13u1
2026-09-20 18:27:01 status unpacked init:amd64 1.69~deb13u1
2026-09-20 18:27:01 install iproute2:amd64 <none> 6.15.0-1
2026-09-20 18:27:01 status half-installed iproute2:amd64 6.15.0-1
2026-09-20 18:27:01 status unpacked iproute2:amd64 6.15.0-1
2026-09-20 18:27:02 install iputils-ping:amd64 <none> 3:20240905-3
2026-09-20 18:27:02 status half-installed iputils-ping:amd64 3:20240905-3
2026-09-20 18:27:02 status unpacked iputils-ping:amd64 3:20240905-3
2026-09-20 18:27:02 install kmod:amd64 <none> 34.2-2
2026-09-20 18:27:02 status half-installed kmod:amd64 34.2-2
2026-09-20 18:27:02 status unpacked kmod:amd64 34.2-2
2026-09-20 18:27:02 install less:amd64 <none> 668-1
2026-09-20 18:27:02 status half-installed less:amd64 668-1
2026-09-20 18:27:02 status unpacked less:amd64 668-1
2026-09-20 18:27:02 install libbpf1:amd64 <none> 1:1.5.0-3
2026-09-20 18:27:02 status triggers-pending libc-bin:amd64 2.41-12+deb13u4
2026-09-20 18:27:02 status half-installed libbpf1:amd64 1:1.5.0-3
2026-09-20 18:27:02 status unpacked libbpf1:amd64 1:1.5.0-3
2026-09-20 18:27:02 install libcap2-bin:amd64 <none> 1:2.75-10+deb13u1+b3
2026-09-20 18:27:02 status half-installed libcap2-bin:amd64 1:2.75-10+deb13u1+b3
2026-09-20 18:27:02 status unpacked libcap2-bin:amd64 1:2.75-10+deb13u1+b3
2026-09-20 18:27:02 install libedit2:amd64 <none> 3.1-20250104-1
2026-09-20 18:27:02 status half-installed libedit2:amd64 3.1-20250104-1
2026-09-20 18:27:02 status unpacked libedit2:amd64 3.1-20250104-1
2026-09-20 18:27:02 install libelf1t64:amd64 <none> 0.192-4
2026-09-20 18:27:02 status half-installed libelf1t64:amd64 0.192-4
2026-09-20 18:27:02 status unpacked libelf1t64:amd64 0.192-4
2026-09-20 18:27:02 install libfdisk1:amd64 <none> 2.41.5-0+deb13u1
2026-09-20 18:27:02 status half-installed libfdisk1:amd64 2.41.5-0+deb13u1
2026-09-20 18:27:02 status unpacked libfdisk1:amd64 2.41.5-0+deb13u1
2026-09-20 18:27:02 install libgssapi-krb5-2:amd64 <none> 1.21.3-5+deb13u1
2026-09-20 18:27:02 status half-installed libgssapi-krb5-2:amd64 1.21.3-5+deb13u1
2026-09-20 18:27:02 status unpacked libgssapi-krb5-2:amd64 1.21.3-5+deb13u1
2026-09-20 18:27:02 install libidn2-0:amd64 <none> 2.3.8-2
2026-09-20 18:27:02 status half-installed libidn2-0:amd64 2.3.8-2
2026-09-20 18:27:03 status unpacked libidn2-0:amd64 2.3.8-2
2026-09-20 18:27:03 install libjansson4:amd64 <none> 2.14-2+b3
2026-09-20 18:27:03 status half-installed libjansson4:amd64 2.14-2+b3
2026-09-20 18:27:03 status unpacked libjansson4:amd64 2.14-2+b3
2026-09-20 18:27:03 install libk5crypto3:amd64 <none> 1.21.3-5+deb13u1
2026-09-20 18:27:03 status half-installed libk5crypto3:amd64 1.21.3-5+deb13u1
2026-09-20 18:27:03 status unpacked libk5crypto3:amd64 1.21.3-5+deb13u1
2026-09-20 18:27:03 install libkeyutils1:amd64 <none> 1.6.3-6
2026-09-20 18:27:03 status half-installed libkeyutils1:amd64 1.6.3-6
2026-09-20 18:27:03 status unpacked libkeyutils1:amd64 1.6.3-6
2026-09-20 18:27:03 install libkmod2:amd64 <none> 34.2-2
2026-09-20 18:27:03 status half-installed libkmod2:amd64 34.2-2
2026-09-20 18:27:03 status unpacked libkmod2:amd64 34.2-2
2026-09-20 18:27:03 install libkrb5-3:amd64 <none> 1.21.3-5+deb13u1
2026-09-20 18:27:03 status half-installed libkrb5-3:amd64 1.21.3-5+deb13u1
2026-09-20 18:27:03 status unpacked libkrb5-3:amd64 1.21.3-5+deb13u1
2026-09-20 18:27:03 install libkrb5support0:amd64 <none> 1.21.3-5+deb13u1
2026-09-20 18:27:03 status half-installed libkrb5support0:amd64 1.21.3-5+deb13u1
2026-09-20 18:27:03 status unpacked libkrb5support0:amd64 1.21.3-5+deb13u1
2026-09-20 18:27:03 install liblocale-gettext-perl:amd64 <none> 1.07-7+b1
2026-09-20 18:27:03 status half-installed liblocale-gettext-perl:amd64 1.07-7+b1
2026-09-20 18:27:03 status unpacked liblocale-gettext-perl:amd64 1.07-7+b1
2026-09-20 18:27:03 install libmnl0:amd64 <none> 1.0.5-3
2026-09-20 18:27:03 status half-installed libmnl0:amd64 1.0.5-3
2026-09-20 18:27:03 status unpacked libmnl0:amd64 1.0.5-3
2026-09-20 18:27:03 install libncursesw6:amd64 <none> 6.5+20250216-2
2026-09-20 18:27:03 status half-installed libncursesw6:amd64 6.5+20250216-2
2026-09-20 18:27:03 status unpacked libncursesw6:amd64 6.5+20250216-2
2026-09-20 18:27:03 install libnewt0.52:amd64 <none> 0.52.25-1
2026-09-20 18:27:03 status half-installed libnewt0.52:amd64 0.52.25-1
2026-09-20 18:27:04 status unpacked libnewt0.52:amd64 0.52.25-1
2026-09-20 18:27:04 install libnftables1:amd64 <none> 1.1.3-1
2026-09-20 18:27:04 status half-installed libnftables1:amd64 1.1.3-1
2026-09-20 18:27:04 status unpacked libnftables1:amd64 1.1.3-1
2026-09-20 18:27:04 install libnftnl11:amd64 <none> 1.2.9-1
2026-09-20 18:27:04 status half-installed libnftnl11:amd64 1.2.9-1
2026-09-20 18:27:04 status unpacked libnftnl11:amd64 1.2.9-1
2026-09-20 18:27:04 install libpopt0:amd64 <none> 1.19+dfsg-2
2026-09-20 18:27:04 status half-installed libpopt0:amd64 1.19+dfsg-2
2026-09-20 18:27:04 status unpacked libpopt0:amd64 1.19+dfsg-2
2026-09-20 18:27:04 install libproc2-0:amd64 <none> 2:4.0.4-9
2026-09-20 18:27:04 status half-installed libproc2-0:amd64 2:4.0.4-9
2026-09-20 18:27:04 status unpacked libproc2-0:amd64 2:4.0.4-9
2026-09-20 18:27:04 install libreadline8t64:amd64 <none> 8.2-6
2026-09-20 18:27:04 status half-installed libreadline8t64:amd64 8.2-6
2026-09-20 18:27:04 status unpacked libreadline8t64:amd64 8.2-6
2026-09-20 18:27:04 install libslang2:amd64 <none> 2.3.3-5+b2
2026-09-20 18:27:04 status half-installed libslang2:amd64 2.3.3-5+b2
2026-09-20 18:27:04 status unpacked libslang2:amd64 2.3.3-5+b2
2026-09-20 18:27:04 install libtext-charwidth-perl:amd64 <none> 0.04-11+b4
2026-09-20 18:27:04 status half-installed libtext-charwidth-perl:amd64 0.04-11+b4
2026-09-20 18:27:04 status unpacked libtext-charwidth-perl:amd64 0.04-11+b4
2026-09-20 18:27:04 install libtext-iconv-perl:amd64 <none> 1.7-8+b4
2026-09-20 18:27:04 status half-installed libtext-iconv-perl:amd64 1.7-8+b4
2026-09-20 18:27:04 status unpacked libtext-iconv-perl:amd64 1.7-8+b4
2026-09-20 18:27:04 install libtext-wrapi18n-perl:all <none> 0.06-10
2026-09-20 18:27:04 status half-installed libtext-wrapi18n-perl:all 0.06-10
2026-09-20 18:27:04 status unpacked libtext-wrapi18n-perl:all 0.06-10
2026-09-20 18:27:04 install libtirpc-common:all <none> 1.3.6+ds-1
2026-09-20 18:27:04 status half-installed libtirpc-common:all 1.3.6+ds-1
2026-09-20 18:27:05 status unpacked libtirpc-common:all 1.3.6+ds-1
2026-09-20 18:27:05 install libtirpc3t64:amd64 <none> 1.3.6+ds-1
2026-09-20 18:27:05 status half-installed libtirpc3t64:amd64 1.3.6+ds-1
2026-09-20 18:27:05 status unpacked libtirpc3t64:amd64 1.3.6+ds-1
2026-09-20 18:27:05 install libunistring5:amd64 <none> 1.3-2
2026-09-20 18:27:05 status half-installed libunistring5:amd64 1.3-2
2026-09-20 18:27:05 status unpacked libunistring5:amd64 1.3-2
2026-09-20 18:27:05 install libxtables12:amd64 <none> 1.8.11-2
2026-09-20 18:27:05 status half-installed libxtables12:amd64 1.8.11-2
2026-09-20 18:27:05 status unpacked libxtables12:amd64 1.8.11-2
2026-09-20 18:27:05 install linux-sysctl-defaults:all <none> 4.12.1
2026-09-20 18:27:05 status half-installed linux-sysctl-defaults:all 4.12.1
2026-09-20 18:27:05 status triggers-pending systemd:amd64 257.13-1~deb13u1
2026-09-20 18:27:05 status unpacked linux-sysctl-defaults:all 4.12.1
2026-09-20 18:27:05 install logrotate:amd64 <none> 3.22.0-1
2026-09-20 18:27:05 status half-installed logrotate:amd64 3.22.0-1
2026-09-20 18:27:05 status unpacked logrotate:amd64 3.22.0-1
2026-09-20 18:27:05 install logsave:amd64 <none> 1.47.2-3+b12
2026-09-20 18:27:05 status half-installed logsave:amd64 1.47.2-3+b12
2026-09-20 18:27:05 status unpacked logsave:amd64 1.47.2-3+b12
2026-09-20 18:27:05 install nano:amd64 <none> 8.4-1+deb13u1
2026-09-20 18:27:05 status half-installed nano:amd64 8.4-1+deb13u1
2026-09-20 18:27:05 status unpacked nano:amd64 8.4-1+deb13u1
2026-09-20 18:27:05 install netbase:all <none> 6.5
2026-09-20 18:27:05 status half-installed netbase:all 6.5
2026-09-20 18:27:05 status unpacked netbase:all 6.5
2026-09-20 18:27:05 install nftables:amd64 <none> 1.1.3-1
2026-09-20 18:27:05 status half-installed nftables:amd64 1.1.3-1
2026-09-20 18:27:05 status unpacked nftables:amd64 1.1.3-1
2026-09-20 18:27:06 install procps:amd64 <none> 2:4.0.4-9
2026-09-20 18:27:06 status half-installed procps:amd64 2:4.0.4-9
2026-09-20 18:27:06 status unpacked procps:amd64 2:4.0.4-9
2026-09-20 18:27:06 install readline-common:all <none> 8.2-6
2026-09-20 18:27:06 status half-installed readline-common:all 8.2-6
2026-09-20 18:27:06 status unpacked readline-common:all 8.2-6
2026-09-20 18:27:06 install sensible-utils:all <none> 0.0.25
2026-09-20 18:27:06 status half-installed sensible-utils:all 0.0.25
2026-09-20 18:27:06 status unpacked sensible-utils:all 0.0.25
2026-09-20 18:27:06 install udev:amd64 <none> 257.13-1~deb13u1
2026-09-20 18:27:06 status half-installed udev:amd64 257.13-1~deb13u1
2026-09-20 18:27:06 status unpacked udev:amd64 257.13-1~deb13u1
2026-09-20 18:27:06 install vim-common:all <none> 2:9.1.1230-2
2026-09-20 18:27:06 status half-installed vim-common:all 2:9.1.1230-2
2026-09-20 18:27:06 status unpacked vim-common:all 2:9.1.1230-2
2026-09-20 18:27:06 install vim-tiny:amd64 <none> 2:9.1.1230-2
2026-09-20 18:27:06 status half-installed vim-tiny:amd64 2:9.1.1230-2
2026-09-20 18:27:07 status unpacked vim-tiny:amd64 2:9.1.1230-2
2026-09-20 18:27:07 install whiptail:amd64 <none> 0.52.25-1
2026-09-20 18:27:07 status half-installed whiptail:amd64 0.52.25-1
2026-09-20 18:27:07 status unpacked whiptail:amd64 0.52.25-1
2026-09-20 18:27:07 trigproc libc-bin:amd64 2.41-12+deb13u4 <none>
2026-09-20 18:27:07 status half-configured libc-bin:amd64 2.41-12+deb13u4
2026-09-20 18:27:07 status installed libc-bin:amd64 2.41-12+deb13u4
2026-09-20 18:27:07 trigproc systemd:amd64 257.13-1~deb13u1 <none>
2026-09-20 18:27:07 status half-configured systemd:amd64 257.13-1~deb13u1
2026-09-20 18:27:07 status installed systemd:amd64 257.13-1~deb13u1
2026-09-20 18:27:07 startup packages configure
2026-09-20 18:27:07 configure cpio:amd64 2.15+dfsg-2 <none>
2026-09-20 18:27:07 status unpacked cpio:amd64 2.15+dfsg-2
2026-09-20 18:27:07 status half-configured cpio:amd64 2.15+dfsg-2
2026-09-20 18:27:07 status installed cpio:amd64 2.15+dfsg-2
2026-09-20 18:27:08 configure libtext-iconv-perl:amd64 1.7-8+b4 <none>
2026-09-20 18:27:08 status unpacked libtext-iconv-perl:amd64 1.7-8+b4
2026-09-20 18:27:08 status half-configured libtext-iconv-perl:amd64 1.7-8+b4
2026-09-20 18:27:08 status installed libtext-iconv-perl:amd64 1.7-8+b4
2026-09-20 18:27:08 configure libtext-charwidth-perl:amd64 0.04-11+b4 <none>
2026-09-20 18:27:08 status unpacked libtext-charwidth-perl:amd64 0.04-11+b4
2026-09-20 18:27:08 status half-configured libtext-charwidth-perl:amd64 0.04-11+b4
2026-09-20 18:27:08 status installed libtext-charwidth-perl:amd64 0.04-11+b4
2026-09-20 18:27:08 configure libkeyutils1:amd64 1.6.3-6 <none>
2026-09-20 18:27:08 status triggers-pending libc-bin:amd64 2.41-12+deb13u4
2026-09-20 18:27:08 status unpacked libkeyutils1:amd64 1.6.3-6
2026-09-20 18:27:08 status half-configured libkeyutils1:amd64 1.6.3-6
2026-09-20 18:27:08 status installed libkeyutils1:amd64 1.6.3-6
2026-09-20 18:27:08 configure apt-utils:amd64 3.0.3 <none>
2026-09-20 18:27:08 status unpacked apt-utils:amd64 3.0.3
2026-09-20 18:27:08 status half-configured apt-utils:amd64 3.0.3
2026-09-20 18:27:08 status installed apt-utils:amd64 3.0.3
2026-09-20 18:27:08 configure init:amd64 1.69~deb13u1 <none>
2026-09-20 18:27:08 status unpacked init:amd64 1.69~deb13u1
2026-09-20 18:27:08 status half-configured init:amd64 1.69~deb13u1
2026-09-20 18:27:08 status installed init:amd64 1.69~deb13u1
2026-09-20 18:27:08 configure libtirpc-common:all 1.3.6+ds-1 <none>
2026-09-20 18:27:08 status unpacked libtirpc-common:all 1.3.6+ds-1
2026-09-20 18:27:08 status half-configured libtirpc-common:all 1.3.6+ds-1
2026-09-20 18:27:08 status installed libtirpc-common:all 1.3.6+ds-1
2026-09-20 18:27:08 configure libedit2:amd64 3.1-20250104-1 <none>
2026-09-20 18:27:08 status unpacked libedit2:amd64 3.1-20250104-1
2026-09-20 18:27:08 status half-configured libedit2:amd64 3.1-20250104-1
2026-09-20 18:27:08 status installed libedit2:amd64 3.1-20250104-1
2026-09-20 18:27:08 configure less:amd64 668-1 <none>
2026-09-20 18:27:08 status unpacked less:amd64 668-1
2026-09-20 18:27:08 status half-configured less:amd64 668-1
2026-09-20 18:27:08 status installed less:amd64 668-1
2026-09-20 18:27:08 configure libtext-wrapi18n-perl:all 0.06-10 <none>
2026-09-20 18:27:08 status unpacked libtext-wrapi18n-perl:all 0.06-10
2026-09-20 18:27:08 status half-configured libtext-wrapi18n-perl:all 0.06-10
2026-09-20 18:27:08 status installed libtext-wrapi18n-perl:all 0.06-10
2026-09-20 18:27:08 configure libelf1t64:amd64 0.192-4 <none>
2026-09-20 18:27:08 status unpacked libelf1t64:amd64 0.192-4
2026-09-20 18:27:08 status half-configured libelf1t64:amd64 0.192-4
2026-09-20 18:27:08 status installed libelf1t64:amd64 0.192-4
2026-09-20 18:27:08 configure libjansson4:amd64 2.14-2+b3 <none>
2026-09-20 18:27:08 status unpacked libjansson4:amd64 2.14-2+b3
2026-09-20 18:27:08 status half-configured libjansson4:amd64 2.14-2+b3
2026-09-20 18:27:08 status installed libjansson4:amd64 2.14-2+b3
2026-09-20 18:27:08 configure libkrb5support0:amd64 1.21.3-5+deb13u1 <none>
2026-09-20 18:27:08 status unpacked libkrb5support0:amd64 1.21.3-5+deb13u1
2026-09-20 18:27:08 status half-configured libkrb5support0:amd64 1.21.3-5+deb13u1
2026-09-20 18:27:08 status installed libkrb5support0:amd64 1.21.3-5+deb13u1
2026-09-20 18:27:08 configure libcap2-bin:amd64 1:2.75-10+deb13u1+b3 <none>
2026-09-20 18:27:08 status unpacked libcap2-bin:amd64 1:2.75-10+deb13u1+b3
2026-09-20 18:27:08 status half-configured libcap2-bin:amd64 1:2.75-10+deb13u1+b3
2026-09-20 18:27:08 status installed libcap2-bin:amd64 1:2.75-10+deb13u1+b3
2026-09-20 18:27:09 configure linux-sysctl-defaults:all 4.12.1 <none>
2026-09-20 18:27:09 status unpacked linux-sysctl-defaults:all 4.12.1
2026-09-20 18:27:09 status half-configured linux-sysctl-defaults:all 4.12.1
2026-09-20 18:27:09 status installed linux-sysctl-defaults:all 4.12.1
2026-09-20 18:27:09 configure vim-common:all 2:9.1.1230-2 <none>
2026-09-20 18:27:09 status unpacked vim-common:all 2:9.1.1230-2
2026-09-20 18:27:09 status half-configured vim-common:all 2:9.1.1230-2
2026-09-20 18:27:09 status installed vim-common:all 2:9.1.1230-2
2026-09-20 18:27:09 configure libslang2:amd64 2.3.3-5+b2 <none>
2026-09-20 18:27:09 status unpacked libslang2:amd64 2.3.3-5+b2
2026-09-20 18:27:09 status half-configured libslang2:amd64 2.3.3-5+b2
2026-09-20 18:27:09 status installed libslang2:amd64 2.3.3-5+b2
2026-09-20 18:27:09 configure libproc2-0:amd64 2:4.0.4-9 <none>
2026-09-20 18:27:09 status unpacked libproc2-0:amd64 2:4.0.4-9
2026-09-20 18:27:09 status half-configured libproc2-0:amd64 2:4.0.4-9
2026-09-20 18:27:09 status installed libproc2-0:amd64 2:4.0.4-9
2026-09-20 18:27:09 configure libunistring5:amd64 1.3-2 <none>
2026-09-20 18:27:09 status unpacked libunistring5:amd64 1.3-2
2026-09-20 18:27:09 status half-configured libunistring5:amd64 1.3-2
2026-09-20 18:27:09 status installed libunistring5:amd64 1.3-2
2026-09-20 18:27:09 configure libmnl0:amd64 1.0.5-3 <none>
2026-09-20 18:27:09 status unpacked libmnl0:amd64 1.0.5-3
2026-09-20 18:27:09 status half-configured libmnl0:amd64 1.0.5-3
2026-09-20 18:27:09 status installed libmnl0:amd64 1.0.5-3
2026-09-20 18:27:09 configure dhcpcd-base:amd64 1:10.1.0-11+deb13u4 <none>
2026-09-20 18:27:09 status unpacked dhcpcd-base:amd64 1:10.1.0-11+deb13u4
2026-09-20 18:27:09 status half-configured dhcpcd-base:amd64 1:10.1.0-11+deb13u4
2026-09-20 18:27:09 status installed dhcpcd-base:amd64 1:10.1.0-11+deb13u4
2026-09-20 18:27:09 configure libncursesw6:amd64 6.5+20250216-2 <none>
2026-09-20 18:27:09 status unpacked libncursesw6:amd64 6.5+20250216-2
2026-09-20 18:27:09 status half-configured libncursesw6:amd64 6.5+20250216-2
2026-09-20 18:27:09 status installed libncursesw6:amd64 6.5+20250216-2
2026-09-20 18:27:09 configure libk5crypto3:amd64 1.21.3-5+deb13u1 <none>
2026-09-20 18:27:09 status unpacked libk5crypto3:amd64 1.21.3-5+deb13u1
2026-09-20 18:27:09 status half-configured libk5crypto3:amd64 1.21.3-5+deb13u1
2026-09-20 18:27:09 status installed libk5crypto3:amd64 1.21.3-5+deb13u1
2026-09-20 18:27:09 configure libxtables12:amd64 1.8.11-2 <none>
2026-09-20 18:27:09 status unpacked libxtables12:amd64 1.8.11-2
2026-09-20 18:27:09 status half-configured libxtables12:amd64 1.8.11-2
2026-09-20 18:27:10 status installed libxtables12:amd64 1.8.11-2
2026-09-20 18:27:10 configure logsave:amd64 1.47.2-3+b12 <none>
2026-09-20 18:27:10 status unpacked logsave:amd64 1.47.2-3+b12
2026-09-20 18:27:10 status half-configured logsave:amd64 1.47.2-3+b12
2026-09-20 18:27:10 status installed logsave:amd64 1.47.2-3+b12
2026-09-20 18:27:10 configure libfdisk1:amd64 2.41.5-0+deb13u1 <none>
2026-09-20 18:27:10 status unpacked libfdisk1:amd64 2.41.5-0+deb13u1
2026-09-20 18:27:10 status half-configured libfdisk1:amd64 2.41.5-0+deb13u1
2026-09-20 18:27:10 status installed libfdisk1:amd64 2.41.5-0+deb13u1
2026-09-20 18:27:10 configure nano:amd64 8.4-1+deb13u1 <none>
2026-09-20 18:27:10 status unpacked nano:amd64 8.4-1+deb13u1
2026-09-20 18:27:10 status half-configured nano:amd64 8.4-1+deb13u1
2026-09-20 18:27:10 status installed nano:amd64 8.4-1+deb13u1
2026-09-20 18:27:10 configure sensible-utils:all 0.0.25 <none>
2026-09-20 18:27:10 status unpacked sensible-utils:all 0.0.25
2026-09-20 18:27:10 status half-configured sensible-utils:all 0.0.25
2026-09-20 18:27:10 status installed sensible-utils:all 0.0.25
2026-09-20 18:27:10 configure procps:amd64 2:4.0.4-9 <none>
2026-09-20 18:27:10 status unpacked procps:amd64 2:4.0.4-9
2026-09-20 18:27:10 status half-configured procps:amd64 2:4.0.4-9
2026-09-20 18:27:10 status installed procps:amd64 2:4.0.4-9
2026-09-20 18:27:10 configure netbase:all 6.5 <none>
2026-09-20 18:27:10 status unpacked netbase:all 6.5
2026-09-20 18:27:10 status half-configured netbase:all 6.5
2026-09-20 18:27:10 status installed netbase:all 6.5
2026-09-20 18:27:10 configure libkrb5-3:amd64 1.21.3-5+deb13u1 <none>
2026-09-20 18:27:10 status unpacked libkrb5-3:amd64 1.21.3-5+deb13u1
2026-09-20 18:27:10 status half-configured libkrb5-3:amd64 1.21.3-5+deb13u1
2026-09-20 18:27:10 status installed libkrb5-3:amd64 1.21.3-5+deb13u1
2026-09-20 18:27:10 configure dmidecode:amd64 3.6-2 <none>
2026-09-20 18:27:10 status unpacked dmidecode:amd64 3.6-2
2026-09-20 18:27:10 status half-configured dmidecode:amd64 3.6-2
2026-09-20 18:27:10 status installed dmidecode:amd64 3.6-2
2026-09-20 18:27:10 configure readline-common:all 8.2-6 <none>
2026-09-20 18:27:10 status unpacked readline-common:all 8.2-6
2026-09-20 18:27:10 status half-configured readline-common:all 8.2-6
2026-09-20 18:27:10 status installed readline-common:all 8.2-6
2026-09-20 18:27:10 configure liblocale-gettext-perl:amd64 1.07-7+b1 <none>
2026-09-20 18:27:10 status unpacked liblocale-gettext-perl:amd64 1.07-7+b1
2026-09-20 18:27:10 status half-configured liblocale-gettext-perl:amd64 1.07-7+b1
2026-09-20 18:27:10 status installed liblocale-gettext-perl:amd64 1.07-7+b1
2026-09-20 18:27:11 configure libbpf1:amd64 1:1.5.0-3 <none>
2026-09-20 18:27:11 status unpacked libbpf1:amd64 1:1.5.0-3
2026-09-20 18:27:11 status half-configured libbpf1:amd64 1:1.5.0-3
2026-09-20 18:27:11 status installed libbpf1:amd64 1:1.5.0-3
2026-09-20 18:27:11 configure libkmod2:amd64 34.2-2 <none>
2026-09-20 18:27:11 status unpacked libkmod2:amd64 34.2-2
2026-09-20 18:27:11 status half-configured libkmod2:amd64 34.2-2
2026-09-20 18:27:11 status installed libkmod2:amd64 34.2-2
2026-09-20 18:27:11 configure libpopt0:amd64 1.19+dfsg-2 <none>
2026-09-20 18:27:11 status unpacked libpopt0:amd64 1.19+dfsg-2
2026-09-20 18:27:11 status half-configured libpopt0:amd64 1.19+dfsg-2
2026-09-20 18:27:11 status installed libpopt0:amd64 1.19+dfsg-2
2026-09-20 18:27:11 configure logrotate:amd64 3.22.0-1 <none>
2026-09-20 18:27:11 status unpacked logrotate:amd64 3.22.0-1
2026-09-20 18:27:11 status half-configured logrotate:amd64 3.22.0-1
2026-09-20 18:27:11 status installed logrotate:amd64 3.22.0-1
2026-09-20 18:27:11 configure libnewt0.52:amd64 0.52.25-1 <none>
2026-09-20 18:27:11 status unpacked libnewt0.52:amd64 0.52.25-1
2026-09-20 18:27:11 status half-configured libnewt0.52:amd64 0.52.25-1
2026-09-20 18:27:11 status installed libnewt0.52:amd64 0.52.25-1
2026-09-20 18:27:11 configure cron:amd64 3.0pl1-197 <none>
2026-09-20 18:27:11 status unpacked cron:amd64 3.0pl1-197
2026-09-20 18:27:11 status half-configured cron:amd64 3.0pl1-197
2026-09-20 18:27:12 status installed cron:amd64 3.0pl1-197
2026-09-20 18:27:12 configure debconf-i18n:all 1.5.91 <none>
2026-09-20 18:27:12 status unpacked debconf-i18n:all 1.5.91
2026-09-20 18:27:12 status half-configured debconf-i18n:all 1.5.91
2026-09-20 18:27:12 status installed debconf-i18n:all 1.5.91
2026-09-20 18:27:12 configure libnftnl11:amd64 1.2.9-1 <none>
2026-09-20 18:27:12 status unpacked libnftnl11:amd64 1.2.9-1
2026-09-20 18:27:12 status half-configured libnftnl11:amd64 1.2.9-1
2026-09-20 18:27:12 status installed libnftnl11:amd64 1.2.9-1
2026-09-20 18:27:12 configure e2fsprogs:amd64 1.47.2-3+b12 <none>
2026-09-20 18:27:12 status unpacked e2fsprogs:amd64 1.47.2-3+b12
2026-09-20 18:27:12 status half-configured e2fsprogs:amd64 1.47.2-3+b12
2026-09-20 18:27:12 status installed e2fsprogs:amd64 1.47.2-3+b12
2026-09-20 18:27:12 configure libidn2-0:amd64 2.3.8-2 <none>
2026-09-20 18:27:12 status unpacked libidn2-0:amd64 2.3.8-2
2026-09-20 18:27:12 status half-configured libidn2-0:amd64 2.3.8-2
2026-09-20 18:27:12 status installed libidn2-0:amd64 2.3.8-2
2026-09-20 18:27:12 configure vim-tiny:amd64 2:9.1.1230-2 <none>
2026-09-20 18:27:12 status unpacked vim-tiny:amd64 2:9.1.1230-2
2026-09-20 18:27:12 status half-configured vim-tiny:amd64 2:9.1.1230-2
2026-09-20 18:27:12 status installed vim-tiny:amd64 2:9.1.1230-2
2026-09-20 18:27:13 configure kmod:amd64 34.2-2 <none>
2026-09-20 18:27:13 status unpacked kmod:amd64 34.2-2
2026-09-20 18:27:13 status half-configured kmod:amd64 34.2-2
2026-09-20 18:27:13 status installed kmod:amd64 34.2-2
2026-09-20 18:27:13 configure libgssapi-krb5-2:amd64 1.21.3-5+deb13u1 <none>
2026-09-20 18:27:13 status unpacked libgssapi-krb5-2:amd64 1.21.3-5+deb13u1
2026-09-20 18:27:13 status half-configured libgssapi-krb5-2:amd64 1.21.3-5+deb13u1
2026-09-20 18:27:13 status installed libgssapi-krb5-2:amd64 1.21.3-5+deb13u1
2026-09-20 18:27:13 configure udev:amd64 257.13-1~deb13u1 <none>
2026-09-20 18:27:13 status unpacked udev:amd64 257.13-1~deb13u1
2026-09-20 18:27:13 status half-configured udev:amd64 257.13-1~deb13u1
2026-09-20 18:27:14 status installed udev:amd64 257.13-1~deb13u1
2026-09-20 18:27:14 configure libreadline8t64:amd64 8.2-6 <none>
2026-09-20 18:27:14 status unpacked libreadline8t64:amd64 8.2-6
2026-09-20 18:27:14 status half-configured libreadline8t64:amd64 8.2-6
2026-09-20 18:27:14 status installed libreadline8t64:amd64 8.2-6
2026-09-20 18:27:14 configure whiptail:amd64 0.52.25-1 <none>
2026-09-20 18:27:14 status unpacked whiptail:amd64 0.52.25-1
2026-09-20 18:27:14 status half-configured whiptail:amd64 0.52.25-1
2026-09-20 18:27:14 status installed whiptail:amd64 0.52.25-1
2026-09-20 18:27:14 configure iputils-ping:amd64 3:20240905-3 <none>
2026-09-20 18:27:14 status unpacked iputils-ping:amd64 3:20240905-3
2026-09-20 18:27:14 status half-configured iputils-ping:amd64 3:20240905-3
2026-09-20 18:27:14 status installed iputils-ping:amd64 3:20240905-3
2026-09-20 18:27:14 configure libnftables1:amd64 1.1.3-1 <none>
2026-09-20 18:27:14 status unpacked libnftables1:amd64 1.1.3-1
2026-09-20 18:27:14 status half-configured libnftables1:amd64 1.1.3-1
2026-09-20 18:27:14 status installed libnftables1:amd64 1.1.3-1
2026-09-20 18:27:14 configure nftables:amd64 1.1.3-1 <none>
2026-09-20 18:27:14 status unpacked nftables:amd64 1.1.3-1
2026-09-20 18:27:14 status half-configured nftables:amd64 1.1.3-1
2026-09-20 18:27:15 status installed nftables:amd64 1.1.3-1
2026-09-20 18:27:15 configure libtirpc3t64:amd64 1.3.6+ds-1 <none>
2026-09-20 18:27:15 status unpacked libtirpc3t64:amd64 1.3.6+ds-1
2026-09-20 18:27:15 status half-configured libtirpc3t64:amd64 1.3.6+ds-1
2026-09-20 18:27:15 status installed libtirpc3t64:amd64 1.3.6+ds-1
2026-09-20 18:27:15 configure iproute2:amd64 6.15.0-1 <none>
2026-09-20 18:27:15 status unpacked iproute2:amd64 6.15.0-1
2026-09-20 18:27:15 status half-configured iproute2:amd64 6.15.0-1
2026-09-20 18:27:15 status installed iproute2:amd64 6.15.0-1
2026-09-20 18:27:15 configure fdisk:amd64 2.41.5-0+deb13u1 <none>
2026-09-20 18:27:15 status unpacked fdisk:amd64 2.41.5-0+deb13u1
2026-09-20 18:27:15 status half-configured fdisk:amd64 2.41.5-0+deb13u1
2026-09-20 18:27:15 status installed fdisk:amd64 2.41.5-0+deb13u1
2026-09-20 18:27:15 configure ifupdown:amd64 0.8.44+deb13u1 <none>
2026-09-20 18:27:15 status unpacked ifupdown:amd64 0.8.44+deb13u1
2026-09-20 18:27:15 status half-configured ifupdown:amd64 0.8.44+deb13u1
2026-09-20 18:27:16 status installed ifupdown:amd64 0.8.44+deb13u1
2026-09-20 18:27:16 trigproc libc-bin:amd64 2.41-12+deb13u4 <none>
2026-09-20 18:27:16 status half-configured libc-bin:amd64 2.41-12+deb13u4
2026-09-20 18:27:16 status installed libc-bin:amd64 2.41-12+deb13u4
